// Jest Snapshot v1, https://goo.gl/fbAQLP

exports[`questionnaire <Content /> should match the snapshot 1`] = `
.c3 {
  font-family: "Source Sans Pro",Helvetica,sans-serif;
  color: rgb(153,153,153);
  line-height: 3.375rem;
  font-size: 2.25rem;
  font-weight: 300;
  margin: 0;
}

.c3::after {
  content: '';
  height: 1px;
  display: block;
  width: 8rem;
  margin-top: 0.75rem;
  border-bottom: 1px solid rgb(153,153,153);
}

.c0 {
  padding: 1.5rem 2.25rem;
}

.c8 {
  border-bottom: 1px solid rgb(153,153,153);
}

.c10:nth-child(2n) {
  background-color: rgba(157,198,107,0.075);
}

.c7 {
  width: 100%;
}

.c9 {
  color: rgb(153,153,153);
  text-align: left;
  padding: 0 0.75rem 0.75rem 0.75rem;
  font-family: "Source Sans Pro",Helvetica,sans-serif;
}

.c11 {
  padding: 0.75rem;
}

.c14 {
  font-family: "Source Sans Pro",Helvetica,sans-serif;
  font-size: 1rem;
  line-height: 1.5rem;
  font-weight: 300;
  color: rgb(153,153,153);
  padding: 0.5em 0;
}

.c14:first-of-type {
  padding-top: 0;
}

.c14:last-of-type {
  padding-bottom: 0;
}

.c12 {
  list-style: none;
}

.c12 .c13 {
  border-top: 1px solid rgb(153,153,153);
}

.c12 .c13:first-of-type {
  border-top: 0;
  padding-top: 0;
}

.c1 {
  display: -webkit-box;
  display: -webkit-flex;
  display: -ms-flexbox;
  display: flex;
  -webkit-flex-flow: row wrap;
  -ms-flex-flow: row wrap;
  flex-flow: row wrap;
  -webkit-box-pack: start;
  -webkit-justify-content: flex-start;
  -ms-flex-pack: start;
  justify-content: flex-start;
  padding-bottom: 1.5rem;
}

.c1 > * {
  -webkit-flex: 0 0 auto;
  -ms-flex: 0 0 auto;
  flex: 0 0 auto;
}

.c1::after {
  content: '';
  display: table;
  clear: both;
}

.c5 {
  display: -webkit-box;
  display: -webkit-flex;
  display: -ms-flexbox;
  display: flex;
  -webkit-flex-flow: row wrap;
  -ms-flex-flow: row wrap;
  flex-flow: row wrap;
  -webkit-box-pack: start;
  -webkit-justify-content: flex-start;
  -ms-flex-pack: start;
  justify-content: flex-start;
  padding-bottom: 2.625rem;
}

.c5 > * {
  -webkit-flex: 0 0 auto;
  -ms-flex: 0 0 auto;
  flex: 0 0 auto;
}

.c5::after {
  content: '';
  display: table;
  clear: both;
}

.c2 {
  width: 100%;
}

.c6 {
  width: 100%;
  display: -webkit-box;
  display: -webkit-flex;
  display: -ms-flexbox;
  display: flex;
  -webkit-flex-flow: row nowrap;
  -ms-flex-flow: row nowrap;
  flex-flow: row nowrap;
  -webkit-box-pack: center;
  -webkit-justify-content: center;
  -ms-flex-pack: center;
  justify-content: center;
}

.c4 {
  color: rgb(153,153,153);
  font-family: "Source Sans Pro",Helvetica,sans-serif;
  font-size: 1rem;
  font-weight: 300;
  line-height: 1.5rem;
}

<section
  className="c0"
>
  <div
    className="c1"
  >
    <div
      className="c2"
    >
      <h1
        className="c3"
      >
        Questionniare name
      </h1>
    </div>
  </div>
  <div
    className="c1"
  >
    <div
      className="c2"
    >
      <p
        className="c4"
      >
        Questionnaire description
      </p>
    </div>
  </div>
  <div
    className="c5"
  >
    <div
      className="c6"
    >
      <table
        className="c7"
      >
        <thead
          className="c8"
        >
          <tr>
            <th
              className="c9"
            >
              Scoring
            </th>
            <th
              className="c9"
            >
              Name
            </th>
            <th
              className="c9"
            >
              Aggregation
            </th>
            <th
              className="c9"
            >
              Questions
            </th>
          </tr>
        </thead>
        <tbody
          className=""
        >
          <tr
            className="c10"
          >
            <td
              className="c11"
            />
            <td
              className="c11"
            >
              <p
                className="c4"
              >
                Clinical score
              </p>
            </td>
            <td
              className="c11"
            >
              <p
                className="c4"
              >
                Mean
              </p>
            </td>
            <td
              className="c11"
            >
              <p
                className="c4"
              >
                1, 3
              </p>
            </td>
          </tr>
        </tbody>
      </table>
    </div>
  </div>
  <div
    className="c1"
  >
    <div
      className="c2"
    >
      <table
        className="c7"
      >
        <thead
          className="c8"
        >
          <tr>
            <th
              className="c9"
            />
            <th
              className="c9"
            >
              Question
            </th>
            <th
              className="c9"
            >
              Scoring
            </th>
          </tr>
        </thead>
        <tbody
          className=""
        >
          <tr
            className="c10"
          >
            <td
              className="c11"
            >
              <p
                className="c4"
              >
                1
              </p>
            </td>
            <td
              className="c11"
            >
              <p
                className="c4"
              />
            </td>
            <td
              className="c11"
            >
              <ul
                className="c12"
              >
                <li
                  className="c13 c14"
                >
                  <p
                    className="c4"
                  >
                    Not at all
                     (
                    0
                    )
                  </p>
                </li>
                <li
                  className="c13 c14"
                >
                  <p
                    className="c4"
                  >
                    Completely
                     (
                    10
                    )
                  </p>
                </li>
              </ul>
            </td>
          </tr>
          <tr
            className="c10"
          >
            <td
              className="c11"
            >
              <p
                className="c4"
              >
                2
              </p>
            </td>
            <td
              className="c11"
            >
              <p
                className="c4"
              />
            </td>
            <td
              className="c11"
            >
              <ul
                className="c12"
              >
                <li
                  className="c13 c14"
                >
                  <p
                    className="c4"
                  >
                    Not at all
                     (
                    0
                    )
                  </p>
                </li>
                <li
                  className="c13 c14"
                >
                  <p
                    className="c4"
                  >
                    Completely
                     (
                    10
                    )
                  </p>
                </li>
              </ul>
            </td>
          </tr>
          <tr
            className="c10"
          >
            <td
              className="c11"
            >
              <p
                className="c4"
              >
                3
              </p>
            </td>
            <td
              className="c11"
            >
              <p
                className="c4"
              />
            </td>
            <td
              className="c11"
            >
              <ul
                className="c12"
              >
                <li
                  className="c13 c14"
                >
                  <p
                    className="c4"
                  >
                    Not at all
                     (
                    0
                    )
                  </p>
                </li>
                <li
                  className="c13 c14"
                >
                  <p
                    className="c4"
                  >
                    Completely
                     (
                    10
                    )
                  </p>
                </li>
              </ul>
            </td>
          </tr>
        </tbody>
      </table>
    </div>
  </div>
</section>
`;
